// Jest Snapshot v1, https://goo.gl/fbAQLP

exports[`renders correctly 1`] = `
<div
  className="flex mt-6 justify-center items-center"
>
  <button
    onClick={[Function]}
  >
    <svg
      className="h-8 w-8"
      fill="currentColor"
      viewBox="0 0 20 20"
      xmlns="http://www.w3.org/2000/svg"
    >
      <path
        clipRule="evenodd"
        d="M10 18a8 8 0 100-16 8 8 0 000 16zm.707-10.293a1 1 0 00-1.414-1.414l-3 3a1 1 0 000 1.414l3 3a1 1 0 001.414-1.414L9.414 11H13a1 1 0 100-2H9.414l1.293-1.293z"
        fillRule="evenodd"
      />
    </svg>
  </button>
  <p
    className="font-bold mx-1 w-16 text-center"
  >
    1
    /5
  </p>
  <button
    onClick={[Function]}
  >
    <svg
      className="h-8 w-8"
      fill="currentColor"
      viewBox="0 0 20 20"
      xmlns="http://www.w3.org/2000/svg"
    >
      <path
        clipRule="evenodd"
        d="M10 18a8 8 0 100-16 8 8 0 000 16zm3.707-8.707l-3-3a1 1 0 00-1.414 1.414L10.586 9H7a1 1 0 100 2h3.586l-1.293 1.293a1 1 0 101.414 1.414l3-3a1 1 0 000-1.414z"
        fillRule="evenodd"
      />
    </svg>
  </button>
</div>
`;
